// Jest Snapshot v1, https://goo.gl/fbAQLP

exports[`MenuSection Component should be mount correctly 1`] = `ReactWrapper {}`;
