// Jest Snapshot v1, https://goo.gl/fbAQLP

exports[`CustomNavLink Component should be mount correctly 1`] = `ReactWrapper {}`;
